// Jest Snapshot v1, https://goo.gl/fbAQLP

exports[`renders correctly 1`] = `
<ul
  className="navi__list"
>
  <li
    className="navi__item"
  >
    <div>
      this is mock
    </div>
  </li>
</ul>
`;
