// Jest Snapshot v1, https://goo.gl/fbAQLP

exports[`renders correctly 1`] = `
<div
  className="form signin__form"
>
  <input />
  <div
    className="form__buttons-container"
  >
    <button />
    <button />
  </div>
</div>
`;
