// Jest Snapshot v1, https://goo.gl/fbAQLP

exports[`renders correctly 1`] = `
<li
  className="forum-page__item"
>
  <div>
    this is mock
  </div>
</li>
`;
